// Jest Snapshot v1, https://goo.gl/fbAQLP

exports[`React App Component tests title prop 1`] = `
<Fragment>
  <h1>
    React the best
  </h1>
  <h2>
    I will be the best programmer
  </h2>
  <h3>
    Need to learn Springboot, ASAP
  </h3>
  <h4>
    The use of the best technologies, Node.js, React & Redux
  </h4>
  <pre>
    {
    "sideText": "Wil be forever",
    "elementBackground": "image",
    "enabled": false,
    "React": "React the best",
    "Java": "Will course the spring boot course",
    "Redux": "",
    "SpringBoot": "Need to learn Springboot, ASAP"
}
  </pre>
</Fragment>
`;
